#-----------------------------------------------------------
# Vivado v2023.2 (64-bit)
# SW Build 4029153 on Fri Oct 13 20:14:34 MDT 2023
# IP Build 4028589 on Sat Oct 14 00:45:43 MDT 2023
# SharedData Build 4025554 on Tue Oct 10 17:18:54 MDT 2023
# Start of session at: Thu Feb 15 13:20:11 2024
# Process ID: 17788
# Current directory: C:/Users/ericp/github/UCD_P118_Alchitry/ADC-FIR-DAC/cores/managed_ip_project/managed_ip_project.runs/fir_compiler_0_synth_1
# Command line: vivado.exe -log fir_compiler_0.vds -product Vivado -mode batch -messageDb vivado.pb -notrace -source fir_compiler_0.tcl
# Log file: C:/Users/ericp/github/UCD_P118_Alchitry/ADC-FIR-DAC/cores/managed_ip_project/managed_ip_project.runs/fir_compiler_0_synth_1/fir_compiler_0.vds
# Journal file: C:/Users/ericp/github/UCD_P118_Alchitry/ADC-FIR-DAC/cores/managed_ip_project/managed_ip_project.runs/fir_compiler_0_synth_1\vivado.jou
# Running On: CL-Prebys-LT, OS: Windows, CPU Frequency: 2803 MHz, CPU Physical cores: 4, Host memory: 34010 MB
#-----------------------------------------------------------
source fir_compiler_0.tcl -notrace
