#-----------------------------------------------------------
# Vivado v2023.2 (64-bit)
# SW Build 4029153 on Fri Oct 13 20:14:34 MDT 2023
# IP Build 4028589 on Sat Oct 14 00:45:43 MDT 2023
# SharedData Build 4025554 on Tue Oct 10 17:18:54 MDT 2023
# Start of session at: Tue Feb 11 12:43:26 2025
# Process ID: 23248
# Current directory: C:/Users/ericp/github/UCD_P118_Alchitry/P118-DAC-set-lab/work/vivado/P118-DAC-set-lab/P118-DAC-set-lab.runs/impl_1
# Command line: vivado.exe -log au_top_0.vdi -applog -product Vivado -messageDb vivado.pb -mode batch -source au_top_0.tcl -notrace
# Log file: C:/Users/ericp/github/UCD_P118_Alchitry/P118-DAC-set-lab/work/vivado/P118-DAC-set-lab/P118-DAC-set-lab.runs/impl_1/au_top_0.vdi
# Journal file: C:/Users/ericp/github/UCD_P118_Alchitry/P118-DAC-set-lab/work/vivado/P118-DAC-set-lab/P118-DAC-set-lab.runs/impl_1\vivado.jou
# Running On: CL-Prebys-LT, OS: Windows, CPU Frequency: 2803 MHz, CPU Physical cores: 4, Host memory: 34010 MB
#-----------------------------------------------------------
source au_top_0.tcl -notrace
